node.exe : - Building...
Au caractère C:\Users\sirin\AppData\Roaming\npm\ng.ps1:24 : 5
+     & "node$exe"  
"$basedir/node_modules/@angular/cli/bin/ng.js" $arg ...
+     ~~~~~~~~~~~~~~~~~~~~~~~~~~~~~~~~~~~~~~~~~~~~~~~~~~~~~~~~~~
~~~~~~~
    + CategoryInfo          : NotSpecified: (- Building...:    
String) [], RemoteException
    + FullyQualifiedErrorId : NativeCommandError
 

Application bundle generation failed. [5.470 seconds]

X [ERROR] NG5002: Incomplete block "email". If you meant to 
write the @ character, you should use the "&#64;" HTML entity 
instead. [plugin angular-compiler]

    src/app/pages/dashboard/components/dashboard-sidebar/dashboa
rd-sidebar.component.html:130:43:
      130 Ôöé                 <p 
class="user-email">ahmed@email.com</p>
          ÔòÁ                                            ~~~~~~

  Error occurs in the template of component 
DashboardSidebarComponent.

    src/app/pages/dashboard/components/dashboard-sidebar/dashboa
rd-sidebar.component.ts:15:15:
      15 Ôöé   templateUrl: 
'./dashboard-sidebar.component.html',
         ÔòÁ                ~~~~~~~~~~~~~~~~~~~~~~~~~~~~~~~~~~~~


